# Bake Begins!
### (1 of 6) Copy sources
$ cp -a /home/travis/build/fontdirectory/gfsdidot/METADATA.json /home/travis/build/fontdirectory/gfsdidot/builds/build
$ cp -a /home/travis/build/fontdirectory/gfsdidot/DESCRIPTION.en_us.html /home/travis/build/fontdirectory/gfsdidot/builds/build
$ cp -a GFSDidot-Regular.ttf.ttx src/GFSDidot.otf.ttx src/GFSDidotBold.otf.ttx src/GFSDidotItalic.ttf.ttx src/GFSDidotBoldItalic.otf.ttx src/GFSDidot.ttf.ttx src/GFSDidotItalic.otf.ttx src/GFSDidotBold.ttf.ttx src/GFSDidotBoldItalic.ttf.ttx GFSDidot-Regular.ttf._h_h_e_a.ttx GFSDidot-Regular.ttf.G_S_U_B_.ttx GFSDidot-Regular.ttf._l_o_c_a.ttx GFSDidot-Regular.ttf.GlyphOrder.ttx GFSDidot-Regular.ttf.G_P_O_S_.ttx GFSDidot-Regular.ttf._n_a_m_e.ttx GFSDidot-Regular.ttf.F_F_T_M_.ttx GFSDidot-Regular.ttf.O_S_2f_2.ttx GFSDidot-Regular.ttf._m_a_x_p.ttx GFSDidot-Regular.ttf._p_r_e_p.ttx GFSDidot-Regular.ttf._c_m_a_p.ttx GFSDidot-Regular.ttf._p_o_s_t.ttx GFSDidot-Regular.ttf._h_e_a_d.ttx GFSDidot-Regular.ttf._h_m_t_x.ttx GFSDidot-Regular.ttf._g_l_y_f.ttx GFSDidot-Regular.ttf.G_D_E_F_.ttx GFSDidot-Regular.ttf._g_a_s_p.ttx src/GFSDidot.otf._h_h_e_a.ttx src/GFSDidot.otf.G_P_O_S_.ttx src/GFSDidot.otf._n_a_m_e.ttx src/GFSDidot.otf._k_e_r_n.ttx src/GFSDidot.otf._c_m_a_p.ttx src/GFSDidot.otf._m_a_x_p.ttx src/GFSDidot.otf._p_o_s_t.ttx src/GFSDidot.otf._h_e_a_d.ttx src/GFSDidot.otf.C_F_F_.ttx src/GFSDidot.otf.GlyphOrder.ttx src/GFSDidot.otf._h_m_t_x.ttx src/GFSDidot.otf.O_S_2f_2.ttx src/GFSDidot.otf.G_S_U_B_.ttx src/GFSDidotBold.otf._n_a_m_e.ttx src/GFSDidotBold.otf.O_S_2f_2.ttx src/GFSDidotBold.otf.GlyphOrder.ttx src/GFSDidotBold.otf._h_e_a_d.ttx src/GFSDidotBold.otf._m_a_x_p.ttx src/GFSDidotBold.otf._p_o_s_t.ttx src/GFSDidotBold.otf._k_e_r_n.ttx src/GFSDidotBold.otf._h_h_e_a.ttx src/GFSDidotBold.otf._h_m_t_x.ttx src/GFSDidotBold.otf.G_P_O_S_.ttx src/GFSDidotBold.otf.G_S_U_B_.ttx src/GFSDidotBold.otf.C_F_F_.ttx src/GFSDidotBold.otf._c_m_a_p.ttx src/GFSDidotItalic.ttf._g_a_s_p.ttx src/GFSDidotItalic.ttf._h_d_m_x.ttx src/GFSDidotItalic.ttf._p_o_s_t.ttx src/GFSDidotItalic.ttf._m_a_x_p.ttx src/GFSDidotItalic.ttf._n_a_m_e.ttx src/GFSDidotItalic.ttf._c_v_t.ttx src/GFSDidotItalic.ttf._h_e_a_d.ttx src/GFSDidotItalic.ttf._c_m_a_p.ttx src/GFSDidotItalic.ttf.G_S_U_B_.ttx src/GFSDidotItalic.ttf._p_r_e_p.ttx src/GFSDidotItalic.ttf._l_o_c_a.ttx src/GFSDidotItalic.ttf.V_D_M_X_.ttx src/GFSDidotItalic.ttf._h_h_e_a.ttx src/GFSDidotItalic.ttf.G_P_O_S_.ttx src/GFSDidotItalic.ttf.O_S_2f_2.ttx src/GFSDidotItalic.ttf._k_e_r_n.ttx src/GFSDidotItalic.ttf._h_m_t_x.ttx src/GFSDidotItalic.ttf.L_T_S_H_.ttx src/GFSDidotItalic.ttf.GlyphOrder.ttx src/GFSDidotItalic.ttf._g_l_y_f.ttx src/GFSDidotItalic.ttf._f_p_g_m.ttx src/GFSDidotBoldItalic.otf.C_F_F_.ttx src/GFSDidotBoldItalic.otf.G_S_U_B_.ttx src/GFSDidotBoldItalic.otf._m_a_x_p.ttx src/GFSDidotBoldItalic.otf._k_e_r_n.ttx src/GFSDidotBoldItalic.otf.G_P_O_S_.ttx src/GFSDidotBoldItalic.otf._h_m_t_x.ttx src/GFSDidotBoldItalic.otf.GlyphOrder.ttx src/GFSDidotBoldItalic.otf._h_h_e_a.ttx src/GFSDidotBoldItalic.otf._n_a_m_e.ttx src/GFSDidotBoldItalic.otf._c_m_a_p.ttx src/GFSDidotBoldItalic.otf.O_S_2f_2.ttx src/GFSDidotBoldItalic.otf._p_o_s_t.ttx src/GFSDidotBoldItalic.otf._h_e_a_d.ttx src/GFSDidot.ttf._h_e_a_d.ttx src/GFSDidot.ttf._p_r_e_p.ttx src/GFSDidot.ttf.G_S_U_B_.ttx src/GFSDidot.ttf._h_d_m_x.ttx src/GFSDidot.ttf.G_P_O_S_.ttx src/GFSDidot.ttf.L_T_S_H_.ttx src/GFSDidot.ttf._k_e_r_n.ttx src/GFSDidot.ttf._l_o_c_a.ttx src/GFSDidot.ttf._h_h_e_a.ttx src/GFSDidot.ttf._p_o_s_t.ttx src/GFSDidot.ttf._g_l_y_f.ttx src/GFSDidot.ttf._f_p_g_m.ttx src/GFSDidot.ttf._h_m_t_x.ttx src/GFSDidot.ttf.GlyphOrder.ttx src/GFSDidot.ttf._c_v_t.ttx src/GFSDidot.ttf._m_a_x_p.ttx src/GFSDidot.ttf._g_a_s_p.ttx src/GFSDidot.ttf._n_a_m_e.ttx src/GFSDidot.ttf.O_S_2f_2.ttx src/GFSDidot.ttf.V_D_M_X_.ttx src/GFSDidot.ttf._c_m_a_p.ttx src/GFSDidotItalic.otf._p_o_s_t.ttx src/GFSDidotItalic.otf.G_P_O_S_.ttx src/GFSDidotItalic.otf._k_e_r_n.ttx src/GFSDidotItalic.otf.G_S_U_B_.ttx src/GFSDidotItalic.otf.C_F_F_.ttx src/GFSDidotItalic.otf._h_h_e_a.ttx src/GFSDidotItalic.otf._h_m_t_x.ttx src/GFSDidotItalic.otf.O_S_2f_2.ttx src/GFSDidotItalic.otf._h_e_a_d.ttx src/GFSDidotItalic.otf._c_m_a_p.ttx src/GFSDidotItalic.otf.GlyphOrder.ttx src/GFSDidotItalic.otf._n_a_m_e.ttx src/GFSDidotItalic.otf._m_a_x_p.ttx src/GFSDidotBold.ttf._h_e_a_d.ttx src/GFSDidotBold.ttf.V_D_M_X_.ttx src/GFSDidotBold.ttf._n_a_m_e.ttx src/GFSDidotBold.ttf._p_o_s_t.ttx src/GFSDidotBold.ttf._g_a_s_p.ttx src/GFSDidotBold.ttf._g_l_y_f.ttx src/GFSDidotBold.ttf._l_o_c_a.ttx src/GFSDidotBold.ttf._h_d_m_x.ttx src/GFSDidotBold.ttf.G_S_U_B_.ttx src/GFSDidotBold.ttf._h_m_t_x.ttx src/GFSDidotBold.ttf._h_h_e_a.ttx src/GFSDidotBold.ttf.GlyphOrder.ttx src/GFSDidotBold.ttf._c_v_t.ttx src/GFSDidotBold.ttf._f_p_g_m.ttx src/GFSDidotBold.ttf.G_P_O_S_.ttx src/GFSDidotBold.ttf._k_e_r_n.ttx src/GFSDidotBold.ttf.O_S_2f_2.ttx src/GFSDidotBold.ttf.L_T_S_H_.ttx src/GFSDidotBold.ttf._p_r_e_p.ttx src/GFSDidotBold.ttf._m_a_x_p.ttx src/GFSDidotBold.ttf._c_m_a_p.ttx src/GFSDidotBoldItalic.ttf.G_P_O_S_.ttx src/GFSDidotBoldItalic.ttf._g_a_s_p.ttx src/GFSDidotBoldItalic.ttf._h_e_a_d.ttx src/GFSDidotBoldItalic.ttf.GlyphOrder.ttx src/GFSDidotBoldItalic.ttf._l_o_c_a.ttx src/GFSDidotBoldItalic.ttf.L_T_S_H_.ttx src/GFSDidotBoldItalic.ttf._h_m_t_x.ttx src/GFSDidotBoldItalic.ttf._m_a_x_p.ttx src/GFSDidotBoldItalic.ttf.V_D_M_X_.ttx src/GFSDidotBoldItalic.ttf._k_e_r_n.ttx src/GFSDidotBoldItalic.ttf.O_S_2f_2.ttx src/GFSDidotBoldItalic.ttf._p_r_e_p.ttx src/GFSDidotBoldItalic.ttf._n_a_m_e.ttx src/GFSDidotBoldItalic.ttf._f_p_g_m.ttx src/GFSDidotBoldItalic.ttf._c_m_a_p.ttx src/GFSDidotBoldItalic.ttf._c_v_t.ttx src/GFSDidotBoldItalic.ttf._h_d_m_x.ttx src/GFSDidotBoldItalic.ttf.G_S_U_B_.ttx src/GFSDidotBoldItalic.ttf._g_l_y_f.ttx src/GFSDidotBoldItalic.ttf._h_h_e_a.ttx src/GFSDidotBoldItalic.ttf._p_o_s_t.ttx /home/travis/build/fontdirectory/gfsdidot/builds/build/sources
### (2 of 6) pyfontaine
### (3 of 6) Run upstream tests
$ bakery-lint.py upstream-repo sources
$ fontaine --collections subsets --text /home/travis/build/fontdirectory/gfsdidot/builds/build/sources/GFSDidot-Regular.ttf.ttx /home/travis/build/fontdirectory/gfsdidot/builds/build/sources/GFSDidot.otf.ttx /home/travis/build/fontdirectory/gfsdidot/builds/build/sources/GFSDidotBold.otf.ttx /home/travis/build/fontdirectory/gfsdidot/builds/build/sources/GFSDidotItalic.ttf.ttx /home/travis/build/fontdirectory/gfsdidot/builds/build/sources/GFSDidotBoldItalic.otf.ttx /home/travis/build/fontdirectory/gfsdidot/builds/build/sources/GFSDidot.ttf.ttx /home/travis/build/fontdirectory/gfsdidot/builds/build/sources/GFSDidotItalic.otf.ttx /home/travis/build/fontdirectory/gfsdidot/builds/build/sources/GFSDidotBold.ttf.ttx /home/travis/build/fontdirectory/gfsdidot/builds/build/sources/GFSDidotBoldItalic.ttf.ttx > fontaine.txt
bakery_lint.tests.upstream.test_diacritic.TestDiacritic.test_diacritic_made_as_component(): OK
bakery_lint.tests.upstream.test_diacritic.TestDiacritic.test_diacritic_made_as_mark_to_mark(): OK
bakery_lint.tests.upstream.test_diacritic.TestDiacritic.test_diacritic_made_as_own_glyphs(): OK
WARNING: Please install [PyICU](https://pypi.python.org/pypi/PyICU) toenable [feature], perhaps with: pip install pyicu
pyfontaine error: illegal hdmx format
pyfontaine process has been failed
bakery_lint.tests.upstream.test_prepolation.FontTestPrepolation.test_font_prepolation_glyph_contours(): FAIL
bakery_lint.tests.upstream.test_prepolation.FontTestPrepolation.test_font_prepolation_glyph_points(): FAIL
bakery_lint.tests.upstream.test_prepolation.FontTestPrepolation.test_font_test_prepolation_glyph_names(): FAIL
bakery_lint.tests.upstream.test_check_upstream_sources.ProjectUpstreamTestCase.test_bakery_yaml_exists(): OK
bakery_lint.tests.upstream.test_check_upstream_sources.ProjectUpstreamTestCase.test_copyright_notices_same_across_family(): OK
bakery_lint.tests.upstream.test_check_upstream_sources.ProjectUpstreamTestCase.test_description_html_exists(): OK
bakery_lint.tests.upstream.test_check_upstream_sources.ProjectUpstreamTestCase.test_fontlog_txt_exists(): FAIL
bakery_lint.tests.upstream.test_check_upstream_sources.ProjectUpstreamTestCase.test_metadata_json_exists(): OK
$ bakery-lint.py upstream-ttx GFSDidot-Regular.ttf.ttx
bakery_lint.tests.upstream.test_glyphname_does_not_contain_disallowed_chars.TestGlyphNameDoesNotContainsDisallowedChars.test_glyphname_does_not_contain_disallowed_chars(): FAIL
bakery_lint.tests.upstream.test_font_filename_eq_familystyle.TestTTFSourceFontFileNameEqualsFamilyStyle.test_source_ttf_font_filename_equals_familystyle(): FAIL
$ mv /home/travis/build/fontdirectory/gfsdidot/builds/build/sources/GFSDidot-Regular.ttf.ttx /home/travis/build/fontdirectory/gfsdidot/builds/build/sources/GFSDidot-Regular.ttx
bakery_lint.tests.upstream.test_font_filename_eq_familystyle.TestTTFSourceFontFileNameEqualsFamilyStyle.test_source_ttf_font_filename_equals_familystyle(): OK
bakery_lint.tests.upstream.test_check_ttx_requirements.SourceTTXTest.test_epar_in_keys(): FAIL
bakery_lint.tests.upstream.test_check_ttx_requirements.SourceTTXTest.test_os2_in_keys(): OK
bakery_lint.tests.upstream.test_check_ttx_requirements.SourceTTXTest.test_ttx_doesnt_contain_duplicate_glyphs(): OK
bakery_lint.tests.upstream.test_check_ttx_fontfamily_recommendations.TTX_FontFamilyNamingTest.test_ttx_family_naming_recommendation(): OK
$ bakery-lint.py upstream-ttx GFSDidot.otf.ttx
bakery_lint.tests.upstream.test_glyphname_does_not_contain_disallowed_chars.TestGlyphNameDoesNotContainsDisallowedChars.test_glyphname_does_not_contain_disallowed_chars(): OK
bakery_lint.tests.upstream.test_font_filename_eq_familystyle.TestTTFSourceFontFileNameEqualsFamilyStyle.test_source_ttf_font_filename_equals_familystyle(): FAIL
$ mv /home/travis/build/fontdirectory/gfsdidot/builds/build/sources/GFSDidot.otf.ttx /home/travis/build/fontdirectory/gfsdidot/builds/build/sources/GFSDidot-Regular.ttx
bakery_lint.tests.upstream.test_font_filename_eq_familystyle.TestTTFSourceFontFileNameEqualsFamilyStyle.test_source_ttf_font_filename_equals_familystyle(): OK
bakery_lint.tests.upstream.test_check_ttx_requirements.SourceTTXTest.test_epar_in_keys(): FAIL
bakery_lint.tests.upstream.test_check_ttx_requirements.SourceTTXTest.test_os2_in_keys(): OK
bakery_lint.tests.upstream.test_check_ttx_requirements.SourceTTXTest.test_ttx_doesnt_contain_duplicate_glyphs(): OK
bakery_lint.tests.upstream.test_check_ttx_fontfamily_recommendations.TTX_FontFamilyNamingTest.test_ttx_family_naming_recommendation(): OK
$ bakery-lint.py upstream-ttx GFSDidotBold.otf.ttx
bakery_lint.tests.upstream.test_glyphname_does_not_contain_disallowed_chars.TestGlyphNameDoesNotContainsDisallowedChars.test_glyphname_does_not_contain_disallowed_chars(): OK
bakery_lint.tests.upstream.test_font_filename_eq_familystyle.TestTTFSourceFontFileNameEqualsFamilyStyle.test_source_ttf_font_filename_equals_familystyle(): FAIL
$ mv /home/travis/build/fontdirectory/gfsdidot/builds/build/sources/GFSDidotBold.otf.ttx /home/travis/build/fontdirectory/gfsdidot/builds/build/sources/GFSDidot-Bold.ttx
bakery_lint.tests.upstream.test_font_filename_eq_familystyle.TestTTFSourceFontFileNameEqualsFamilyStyle.test_source_ttf_font_filename_equals_familystyle(): OK
bakery_lint.tests.upstream.test_check_ttx_requirements.SourceTTXTest.test_epar_in_keys(): FAIL
bakery_lint.tests.upstream.test_check_ttx_requirements.SourceTTXTest.test_os2_in_keys(): OK
bakery_lint.tests.upstream.test_check_ttx_requirements.SourceTTXTest.test_ttx_doesnt_contain_duplicate_glyphs(): OK
bakery_lint.tests.upstream.test_check_ttx_fontfamily_recommendations.TTX_FontFamilyNamingTest.test_ttx_family_naming_recommendation(): OK
$ bakery-lint.py upstream-ttx GFSDidotItalic.ttf.ttx
bakery_lint.tests.upstream.test_glyphname_does_not_contain_disallowed_chars.TestGlyphNameDoesNotContainsDisallowedChars.test_glyphname_does_not_contain_disallowed_chars(): FAIL
bakery_lint.tests.upstream.test_font_filename_eq_familystyle.TestTTFSourceFontFileNameEqualsFamilyStyle.test_source_ttf_font_filename_equals_familystyle(): FAIL
ERROR: BUILD FAILED
